// Jest Snapshot v1, https://goo.gl/fbAQLP

exports[`Should render List component correctly.. 1`] = `
<Connect(ConnectedList)
  gifts={Array []}
/>
`;
